// Jest Snapshot v1, https://goo.gl/fbAQLP

exports[`Modal component renders correctly when isOpen is true 1`] = `
<div
  aria-labelledby="test-heading"
  aria-modal="true"
  class="modal"
  role="dialog"
>
  <div
    class="modalHeader"
  >
    <h2
      class="modalHeading"
    >
      Test Modal
    </h2>
    <button
      class="iconButton"
    >
      <svg
        fill="none"
        height="12"
        viewBox="0 0 13 12"
        width="13"
        xmlns="http://www.w3.org/2000/svg"
      >
        <path
          d="M12.4 1.20857L11.1915 0L6.40002 4.79143L1.6086 0L0.400024 1.20857L5.19145 6L0.400024 10.7914L1.6086 12L6.40002 7.20857L11.1915 12L12.4 10.7914L7.6086 6L12.4 1.20857Z"
          fill="black"
        />
      </svg>
    </button>
  </div>
  <div
    class="modalBody"
  >
    <div>
      Modal content
    </div>
  </div>
</div>
`;
